// Jest Snapshot v1, https://goo.gl/fbAQLP

exports[`should take snapshot from LoginPage 1`] = `
<div>
  <button>
    Authenticate
  </button>
</div>
`;
